2026-08-14T11:37:48.572Z GET /api/registration?page=1&limit=1
2026-08-14T11:37:48.814Z GET /api/registration?page=1&limit=1
2026-08-14T11:37:48.912Z GET /api/expert-services?page=1&limit=1
2026-08-14T11:37:48.931Z GET /api/expert-services?page=1&limit=1
2026-08-14T11:37:48.964Z GET /api/registration?page=1&limit=4
2026-08-14T11:37:48.981Z GET /api/registration?page=1&limit=4
2026-08-14T11:40:07.363Z GET /api/registration?page=1&limit=1
2026-08-14T11:40:07.395Z GET /api/expert-services?page=1&limit=1
2026-08-14T11:40:07.424Z GET /api/service-categories
2026-08-14T11:40:07.461Z GET /api/service-subcategories
2026-08-14T11:40:07.505Z GET /api/integrated-services
2026-08-14T11:40:07.531Z GET /api/registration?page=1&limit=4
2026-08-14T11:40:29.450Z GET /api/registration?page=1&limit=1
2026-08-14T11:40:29.476Z GET /api/registration?page=1&limit=1
2026-08-14T11:40:29.492Z GET /api/expert-services?page=1&limit=1
2026-08-14T11:40:29.563Z GET /api/expert-services?page=1&limit=1
2026-08-14T11:40:29.565Z GET /api/service-categories
2026-08-14T11:40:29.588Z GET /api/service-categories
2026-08-14T11:40:29.592Z GET /api/service-subcategories
2026-08-14T11:40:29.611Z GET /api/service-subcategories
2026-08-14T11:40:29.619Z GET /api/integrated-services
2026-08-14T11:40:29.642Z GET /api/integrated-services
2026-08-14T11:40:29.648Z GET /api/registration?page=1&limit=4
2026-08-14T11:40:29.667Z GET /api/registration?page=1&limit=4
2026-08-14T11:42:30.646Z GET /api/registration?page=1&limit=1
2026-08-14T11:42:30.750Z GET /api/registration?page=1&limit=1
2026-08-14T11:42:31.008Z GET /api/expert-services?page=1&limit=1
2026-08-14T11:42:31.103Z GET /api/expert-services?page=1&limit=1
2026-08-14T11:42:31.156Z GET /api/service-categories
2026-08-14T11:42:31.169Z GET /api/service-categories
2026-08-14T11:42:31.177Z GET /api/service-subcategories
2026-08-14T11:42:31.192Z GET /api/service-subcategories
2026-08-14T11:42:31.195Z GET /api/integrated-services
2026-08-14T11:42:31.216Z GET /api/registration?page=1&limit=4
2026-08-14T11:42:31.219Z GET /api/integrated-services
2026-08-14T11:42:31.235Z GET /api/registration?page=1&limit=4
2026-08-14T11:42:39.762Z GET /api/service-categories
2026-08-14T11:42:39.813Z GET /api/service-categories
2026-08-14T11:42:42.010Z GET /api/registration?page=1&limit=1
2026-08-14T11:42:42.242Z GET /api/registration?page=1&limit=1
2026-08-14T11:42:42.436Z GET /api/expert-services?page=1&limit=1
2026-08-14T11:42:42.526Z GET /api/expert-services?page=1&limit=1
2026-08-14T11:42:42.613Z GET /api/service-categories
2026-08-14T11:42:42.707Z GET /api/service-categories
2026-08-14T11:42:42.714Z GET /api/service-subcategories
2026-08-14T11:42:42.731Z GET /api/service-subcategories
2026-08-14T11:42:42.738Z GET /api/integrated-services
2026-08-14T11:42:42.756Z GET /api/integrated-services
2026-08-14T11:42:42.760Z GET /api/registration?page=1&limit=4
2026-08-14T11:42:42.776Z GET /api/registration?page=1&limit=4
2026-08-14T11:47:00.851Z GET /api/registration?page=1&limit=1
2026-08-14T11:47:00.929Z GET /api/registration?page=1&limit=1
2026-08-14T11:47:00.945Z GET /api/expert-services?page=1&limit=1
2026-08-14T11:47:00.967Z GET /api/expert-services?page=1&limit=1
2026-08-14T11:47:00.970Z GET /api/service-categories
2026-08-14T11:47:00.989Z GET /api/service-subcategories
2026-08-14T11:47:00.992Z GET /api/service-categories
2026-08-14T11:47:01.014Z GET /api/service-subcategories
2026-08-14T11:47:01.017Z GET /api/integrated-services
2026-08-14T11:47:01.037Z GET /api/registration?page=1&limit=4
2026-08-14T11:47:01.040Z GET /api/integrated-services
2026-08-14T11:47:01.063Z GET /api/registration?page=1&limit=4
2026-08-14T11:47:18.545Z GET /api/registration?page=1&limit=10
2026-08-14T11:47:18.641Z GET /api/service-categories
2026-08-14T11:47:18.667Z GET /api/registration?page=1&limit=10
2026-08-14T11:47:18.687Z GET /api/service-categories
2026-08-14T11:47:18.708Z GET /api/service-subcategories
2026-08-14T11:47:18.737Z GET /api/service-subcategories
2026-08-14T11:47:18.763Z GET /api/integrated-services
2026-08-14T11:47:18.910Z GET /api/integrated-services
2026-08-14T11:47:42.202Z GET /api/registration?page=1&limit=10
2026-08-14T11:47:42.205Z GET /api/service-categories
2026-08-14T11:47:42.262Z GET /api/service-categories
2026-08-14T11:47:42.265Z GET /api/registration?page=1&limit=10
2026-08-14T11:47:42.474Z GET /api/service-subcategories
2026-08-14T11:47:42.638Z GET /api/service-subcategories
2026-08-14T11:47:42.685Z GET /api/integrated-services
2026-08-14T11:47:42.698Z GET /api/integrated-services
2026-08-14T11:49:33.179Z GET /api/registration?page=1&limit=1
2026-08-14T11:49:33.208Z GET /api/registration?page=1&limit=1
2026-08-14T11:49:33.218Z GET /api/expert-services?page=1&limit=1
2026-08-14T11:49:33.236Z GET /api/expert-services?page=1&limit=1
2026-08-14T11:49:33.239Z GET /api/service-categories
2026-08-14T11:49:33.260Z GET /api/service-subcategories
2026-08-14T11:49:33.265Z GET /api/service-categories
2026-08-14T11:49:33.297Z GET /api/integrated-services
2026-08-14T11:49:33.302Z GET /api/service-subcategories
2026-08-14T11:49:33.327Z GET /api/integrated-services
2026-08-14T11:49:33.331Z GET /api/registration?page=1&limit=4
2026-08-14T11:49:33.354Z GET /api/registration?page=1&limit=4
2026-08-14T11:49:44.914Z GET /api/registration?page=1&limit=10
2026-08-14T11:49:44.919Z GET /api/service-categories
2026-08-14T11:49:44.937Z GET /api/service-categories
2026-08-14T11:49:45.015Z GET /api/service-subcategories
2026-08-14T11:49:45.036Z GET /api/service-subcategories
2026-08-14T11:49:45.043Z GET /api/registration?page=1&limit=10
2026-08-14T11:49:45.059Z GET /api/integrated-services
2026-08-14T11:49:46.181Z GET /api/integrated-services
2026-08-14T11:49:46.990Z GET /api/registration?page=1&limit=1
2026-08-14T11:49:47.358Z GET /api/registration?page=1&limit=1
2026-08-14T11:49:47.758Z GET /api/expert-services?page=1&limit=1
2026-08-14T11:49:50.791Z GET /api/expert-services?page=1&limit=1
2026-08-14T11:49:50.820Z GET /api/service-categories
2026-08-14T11:49:50.851Z GET /api/service-categories
2026-08-14T11:49:50.874Z GET /api/service-subcategories
2026-08-14T11:49:50.909Z GET /api/service-subcategories
2026-08-14T11:49:50.934Z GET /api/integrated-services
2026-08-14T11:49:50.953Z GET /api/integrated-services
2026-08-14T11:49:50.985Z GET /api/registration?page=1&limit=4
2026-08-14T11:49:51.104Z GET /api/registration?page=1&limit=4
2026-08-14T11:53:48.275Z GET /api/registration?page=1&limit=1
2026-08-14T11:53:48.309Z GET /api/service-categories
2026-08-14T11:53:48.345Z GET /api/service-subcategories
2026-08-14T11:53:48.366Z GET /api/integrated-services
2026-08-14T11:53:48.387Z GET /api/registration?page=1&limit=4
2026-08-14T11:55:52.104Z GET /api/registration?page=1&limit=1
2026-08-14T11:55:52.120Z GET /api/registration?page=1&limit=1
2026-08-14T11:55:52.139Z GET /api/service-categories
2026-08-14T11:55:52.157Z GET /api/service-categories
2026-08-14T11:55:52.228Z GET /api/service-subcategories
2026-08-14T11:55:52.242Z GET /api/service-subcategories
2026-08-14T11:55:52.246Z GET /api/integrated-services
2026-08-14T11:55:52.292Z GET /api/integrated-services
2026-08-14T11:55:52.295Z GET /api/registration?page=1&limit=4
2026-08-14T11:55:52.312Z GET /api/registration?page=1&limit=4
2026-08-14T11:57:38.766Z GET /api/registration?page=1&limit=1
2026-08-14T11:57:38.783Z GET /api/registration?page=1&limit=1
2026-08-14T11:57:38.813Z GET /api/service-categories
2026-08-14T11:57:38.828Z GET /api/service-categories
2026-08-14T11:57:38.909Z GET /api/service-subcategories
2026-08-14T11:57:38.930Z GET /api/service-subcategories
2026-08-14T11:57:38.937Z GET /api/integrated-services
2026-08-14T11:57:38.955Z GET /api/integrated-services
2026-08-14T11:57:38.958Z GET /api/registration?page=1&limit=4
2026-08-14T11:57:38.971Z GET /api/registration?page=1&limit=4
2026-08-14T12:02:33.143Z GET /api/service-categories
2026-08-14T12:02:33.146Z GET /api/service-subcategories
2026-08-14T12:02:33.148Z GET /api/integrated-services
2026-08-14T12:02:33.168Z GET /api/service-categories
2026-08-14T12:02:33.171Z GET /api/integrated-services
2026-08-14T12:02:34.155Z GET /api/service-subcategories
2026-08-14T12:03:33.298Z GET /api/registration?page=1&limit=10
2026-08-14T12:03:33.314Z GET /api/registration?page=1&limit=10
2026-08-15T05:51:19.133Z GET /api/registration?page=1&limit=10
2026-08-15T05:51:19.264Z GET /api/registration?page=1&limit=10
2026-08-15T05:51:40.425Z GET /api/service-categories
2026-08-15T05:51:40.687Z GET /api/service-subcategories
2026-08-15T05:51:40.689Z GET /api/integrated-services
2026-08-15T05:51:40.702Z GET /api/service-categories
2026-08-15T05:51:41.583Z GET /api/service-subcategories
2026-08-15T05:51:41.677Z GET /api/integrated-services
2026-08-15T05:52:03.903Z POST /api/integrated-services
2026-08-15T05:52:03.949Z GET /api/integrated-services
2026-08-15T05:52:25.298Z POST /api/integrated-services
2026-08-15T05:52:25.333Z GET /api/integrated-services
2026-08-15T05:52:48.961Z POST /api/integrated-services
2026-08-15T05:52:49.002Z GET /api/integrated-services
2026-08-15T05:53:11.729Z POST /api/integrated-services
2026-08-15T05:53:11.769Z GET /api/integrated-services
2026-08-15T05:53:38.117Z POST /api/integrated-services
2026-08-15T05:53:38.171Z GET /api/integrated-services
2026-08-15T05:57:11.770Z POST /api/integrated-services
2026-08-15T05:57:39.264Z GET /api/integrated-services
2026-08-15T05:57:39.268Z GET /api/service-categories
2026-08-15T05:57:39.270Z GET /api/service-subcategories
2026-08-15T05:57:39.292Z GET /api/service-categories
2026-08-15T05:57:39.337Z GET /api/service-subcategories
2026-08-15T05:57:39.340Z GET /api/integrated-services
2026-08-15T05:57:55.698Z POST /api/integrated-services
2026-08-15T05:59:07.318Z GET /api/integrated-services
2026-08-15T05:59:07.321Z GET /api/service-categories
2026-08-15T05:59:07.326Z GET /api/service-subcategories
2026-08-15T05:59:07.348Z GET /api/service-categories
2026-08-15T05:59:07.352Z GET /api/service-subcategories
2026-08-15T05:59:07.355Z GET /api/integrated-services
2026-08-15T05:59:19.598Z POST /api/integrated-services
2026-08-15T05:59:54.686Z GET /api/integrated-services
2026-08-15T05:59:54.689Z GET /api/service-categories
2026-08-15T05:59:54.691Z GET /api/service-subcategories
2026-08-15T05:59:54.711Z GET /api/service-categories
2026-08-15T05:59:54.758Z GET /api/service-subcategories
2026-08-15T05:59:54.760Z GET /api/integrated-services
2026-08-15T06:00:03.446Z POST /api/integrated-services
2026-08-15T06:01:31.125Z GET /api/service-categories
2026-08-15T06:01:52.328Z GET /api/service-categories
2026-08-15T06:02:08.002Z GET /api/service-categories
2026-08-15T06:02:42.034Z POST /api/integrated-services
